~/workspace/git101 $ touch git.js


~/workspace/git101 $ touch index.html

~/workspace/git101 $ git init
Initialized empty Git repository in /home/ubuntu/workspace/git101/.git/

~/workspace/git101 (master) $ git status
On branch master

No commits yet

Untracked files:
  (use "git add <file>..." to include in what will be committed)

        git.js
        index.html

nothing added to commit but untracked files present (use "git add" to track)

~/workspace/git101 (master) $ git add -A

~/workspace/git101 (master) $ git status
On branch master

No commits yet

Changes to be committed:
  (use "git rm --cached <file>..." to unstage)

        new file:   git.js
        new file:   index.html

~/workspace/git101 (master) $ git rm --cached git.js
rm 'git.js'

~/workspace/git101 (master) $ git status
On branch master

No commits yet

Changes to be committed:
  (use "git rm --cached <file>..." to unstage)

        new file:   index.html

Untracked files:
  (use "git add <file>..." to include in what will be committed)

        git.js

~/workspace/git101 (master) $ git add -A

~/workspace/git101 (master) $ git status
On branch master

No commits yet

Changes to be committed:
  (use "git rm --cached <file>..." to unstage)

        new file:   git.js
        new file:   index.html

~/workspace/git101 (master) $ git commit -m "practicing git commands"
[master (root-commit) df4d010] practicing git commands
 2 files changed, 0 insertions(+), 0 deletions(-)
 create mode 100644 git.js
 create mode 100644 index.html

~/workspace/git101 (master) $ git status
On branch master
nothing to commit, working tree clean