-- Staging files --

~/workspace/git-one (master) $ git status
On branch master

No commits yet

Untracked files:
  (use "git add <file>..." to include in what will be committed)

        index.html

nothing added to commit but untracked files present (use "git add" to track)

~/workspace/git-one (master) $ git add index.html

~/workspace/git-one (master) $ git status
On branch master

No commits yet

Changes to be committed:
  (use "git rm --cached <file>..." to unstage)

        new file:   index.html
       
~/workspace/git-one (master) $ git rm --cached index.html

~/workspace/git-one (master) $ git status
On branch master

No commits yet

Changes to be committed:
  (use "git rm --cached <file>..." to unstage)

        new file:   index.html

~/workspace/git-one (master) $ git rm --cached index.html
rm 'index.html'

~/workspace/git-one (master) $ git status
On branch master

No commits yet

Untracked files:
  (use "git add <file>..." to include in what will be committed)

        index.html

nothing added to commit but untracked files present (use "git add" to track)

~/workspace/git-one (master) $ touch style.css

~/workspace/git-one (master) $ git status
On branch master

No commits yet

Untracked files:
  (use "git add <file>..." to include in what will be committed)

        index.html
        style.css

nothing added to commit but untracked files present (use "git add" to track)

~/workspace/git-one (master) $ git add .

~/workspace/git-one (master) $ git status 
On branch master

No commits yet

Changes to be committed:
  (use "git rm --cached <file>..." to unstage)

        new file:   index.html
        new file:   style.css

~/workspace/git-one (master) $ git commit -m "added index and style file"
[master (root-commit) 570b49e] added index and style file
 2 files changed, 12 insertions(+)
 create mode 100644 index.html
 create mode 100644 style.css

~/workspace/git-one (master) $ git status
On branch master
Changes not staged for commit:
  (use "git add <file>..." to update what will be committed)
  (use "git checkout -- <file>..." to discard changes in working directory)
  
  modified:   index.html
  
no changes added to commit (use "git add" and/or "git commit -a")

~/workspace/git-one (master) $ git add .

~/workspace/git-one (master) $ git status
On branch master
Changes to be committed:
  (use "git reset HEAD <file>..." to unstage)

        modified:   index.html

~/workspace/git-one (master) $ git commit -m "changing index title"
[master b0453a0] changing index title
 1 file changed, 1 insertion(+), 1 deletion(-)

~/workspace/gitGithub/git-one (master) $ git status
 On branch master
Changes not staged for commit:
  (use "git add <file>..." to update what will be committed)
  (use "git checkout -- <file>..." to discard changes in working directory)

        modified:   style.css

no changes added to commit (use "git add" and/or "git commit -a")

~/workspace/git-one (master) $ git add .

~/workspace/git-one (master) $ git status
On branch master
Changes to be committed:
  (use "git reset HEAD <file>..." to unstage)

        modified:   style.css
~/workspace/gitGithub/git-one (master) $ git commit -m "changed body font size"
[master 7b7c5bc] changed body font size
 1 files changed, 1 insertions(+)
 
~/workspace/gitGithub/git-one (master) $ git log
commit 7b7c5bc85cdfe8f4cdde1b3f975eb5233bfa18cc (HEAD -> master)
Author: Jackie <jacgut19@gmail.com>
Date:   Tue Dec 4 17:24:02 2018 +0000

    changed body font size

commit b0453a0e8e877c7ce2add4514e795359dbeb505b
commit 7b7c5bc85cdfe8f4cdde1b3f975eb5233bfa18cc (HEAD -> master)
Author: Jackie <jacgut19@gmail.com>
Date:   Tue Dec 4 17:24:02 2018 +0000

    changed body font size


commit b0453a0e8e877c7ce2add4514e795359dbeb505b
Author: Jackie <jacgut19@gmail.com>
Date:   Tue Dec 4 16:41:07 2018 +0000

    changing index title

commit 570b49effb087eda67c1ba63589fb527df29f747
Author: Jackie <jacgut19@gmail.com>
Date:   Tue Dec 4 16:35:55 2018 +0000

~/workspace/gitGithub/git-one (master) $ git log --oneline
7b7c5bc (HEAD -> master) changed body font size
b0453a0 changing index title
570b49e added index and style file


